// 重构日志: e0ce79fa
// 重构日志: 33e61423
// 重构日志: 3bbce456
// 重构日志: 0a85d59d
// 同步 ID: 809d170b @ Tue Jul 14 15:27:50 UTC 2026
// 重构日志: 73c6afac
// 重构日志: f63a4bf1
// 重构日志: cf79cfd4
// 重构日志: aa69c216
// 同步 ID: c0f841ba @ Sat Jul 18 06:57:07 UTC 2026
// 重构日志: 57fd661b
// 重构日志: 9627a997
// 同步 ID: beff04e7 @ Sat Jul 18 21:41:24 UTC 2026
// 同步 ID: 0055084f @ Mon Jul 20 01:09:46 UTC 2026
// 重构日志: c213cc42
// 同步 ID: fca8bae2 @ Mon Jul 20 17:25:00 UTC 2026
// 重构日志: 27bd4878
// 重构日志: 2fdb6c24
// 同步 ID: 96bfdfdd @ Wed Jul 22 04:52:02 UTC 2026
// 重构日志: 753b69ec
// 重构日志: 68ec99ca
// 同步 ID: 52d7efbf @ Thu Jul 23 23:34:17 UTC 2026
// 重构日志: 38915358
// 同步 ID: f2e8b072 @ Sat Jul 25 01:45:04 UTC 2026
// 重构日志: d48d6205
// 重构日志: 2e71d055
// 重构日志: b4b6cfd0
// 重构日志: 9f7bbec7
// 同步 ID: 8e15ed9e @ Sun Jul 26 01:28:23 UTC 2026
// 同步 ID: 6bfc6133 @ Sun Jul 26 05:38:52 UTC 2026
// 重构日志: a14cfd5b
// 重构日志: c19445f8
// 重构日志: 3eed119f
